// Jest Snapshot v1, https://goo.gl/fbAQLP

exports[`snapshot of contactsScreen 1`] = `
<div>
  <h1>
    Contacts
  </h1>
  <button
    onClick={[Function]}
  >
    Create new Contact
  </button>
  <div
    style={
      Object {
        "marginTop": 10,
      }
    }
  >
    <div
      style={
        Object {
          "borderStyle": "double",
          "marginBottom": 10,
        }
      }
    >
      <h1>
        Test
         
        Tester
      </h1>
      <ul>
        <li>
          Phone Number: 
          111-222-3333
        </li>
        <li>
          Email: 
          test@email.com
        </li>
        <li>
          Address: 
          123 Easy St
        </li>
      </ul>
    </div>
  </div>
</div>
`;
